region_006__inline__2: ['gene 1484-2935', 'gene 295-1176', 'gene 1-285', 'other 1177-1483', 'other 2936-3000', 'other 2938-2961', 'other None-None']
region_007__file__0: ['gene 1085-2626']
region_007__file__1: ['gene 1085-2626', 'gene 145-864', 'other 865-1084', 'other 1054-1084', 'other None-None']
region_007__file__2: ['gene 1085-2626', 'gene 214-627', 'other 2631-2699', 'other 980-1080', 'other 1055-1060', 'other 1073-1075', 'other 1026-None', 'other 343-None', 'other 730-None', 'other 781-None', 'other 1415-None', 'other 2246-None', 'other 1734-None', 'other 2402-None']
region_007__inline__2: ['gene 1085-2626', 'gene 145-864', 'gene 214-627']
region_008__file__0: ['gene 2263-3000', 'gene 624-1283', 'gene 75-576', 'gene 1520-2002', 'gene 81-485', 'gene 1214-1553', 'other 2255-2260', 'other 611-614', 'other None-None', 'other 1501-2250', 'other None-None']
region_008__file__1: []
region_008__file__2: ['other 2001-2201', 'other 586-600', 'other 2056-2070', 'other 2221-2235', 'other 2386-2400', 'other 2254-2259', 'gene 2263-3002', 'gene 624-1282', 'gene 1520-2001', 'gene 75-573', 'gene 81-484', 'gene 1214-1550', 'gene 2356-2680']
region_008__inline__0: ['gene 624-1283', 'gene 1280-2000', 'other 27-32', 'other 2960-None']
region_009__inline__0: ['gene 271-1161', 'other 1250-1650', 'repeat_array 2795-2810', 'other 1566-1572', 'other 1741-1746', 'other None-None', 'other None-None']
region_009__inline__1: ['other None-None', 'gene 271-1161', 'gene 1256-1636', 'gene 1650-2030', 'gene 2073-2751', 'gene 2744-None', 'other 2795-2799', 'gene 2805-2966']
region_009__inline__2: ['other 1150-2000', 'other 1187-1212', 'other 1213-1217', 'other 2036-2062', 'other 2063-2070', 'other 106-117']
judged 12, skipped 42 (already judged or no report); 0 reports still without a usable judgement
Additional GLM reports judged; waiting for remaining agent runs
region_010__inline__1: ['repeat_array 332-1093', 'gene 1176-2213']
region_010__inline__2: ['repeat_array 332-906', 'repeat_array 944-1180']
judged 2, skipped 54 (already judged or no report); 0 reports still without a usable judgement
region_010__file__0: ['repeat_array 331-1032', 'gene 1179-2214', 'gene 2465-3000', 'other 340-345', 'other 513-None', 'other 2215-2225']
judged 1, skipped 56 (already judged or no report); 0 reports still without a usable judgement
region_011__inline__0: ['gene 1161-2177', 'other 1150-1153', 'other 1200-2200', 'gene 237-953', 'gene 1473-1829', 'gene 2215-2694', 'gene 2691-2996']
judged 1, skipped 57 (already judged or no report); 0 reports still without a usable judgement
region_010__file__2: ['repeat_array 326-1183', 'other 1179-2222']
judged 1, skipped 58 (already judged or no report); 0 reports still without a usable judgement
