region_001__file__0: ['gene 1050-2336']
region_001__file__1: ['gene 665-1951', 'other 1970-1972', 'gene 1995-2517']
region_001__file__2: ['gene 665-1951', 'gene 1996-2517', 'gene 2068-2724', 'repeat_array 2381-2392']
region_001__inline__0: ['gene 666-1951', 'gene 2069-2724', 'gene 1-606', 'gene 2389-2549', 'gene 1292-1774', 'gene 1996-2517', 'gene 2205-2429', 'gene 139-369', 'gene 430-660', 'gene 2689-2922', 'other 601-800', 'other None-None', 'other 1100-2500']
region_001__inline__1: ['gene 2071-2724', 'gene 1-606', 'gene 1996-2514', 'gene 1292-1771', 'gene 668-1951', 'gene 2689-2919', 'gene 139-366', 'gene 430-657', 'gene 2205-2426']
region_001__inline__2: ['gene 665-1951', 'gene 1-606', 'gene 1292-1774', 'gene 1996-2517', 'gene 2068-2724', 'gene 2689-2922', 'other None-None', 'other None-None', 'other 1953-1958']
region_002__file__0: ['repeat_array 1343-1734', 'repeat_array 753-860', 'gene 2076-2747']
region_002__file__1: ['repeat_array 752-None', 'repeat_array 1345-1740']
region_002__file__2: ['repeat_array 1345-1771', 'other 1001-1200', 'other 1401-1600']
region_002__inline__0: ['repeat_array 1342-1740', 'gene 35-702', 'gene 2078-2747', 'other None-None']
region_002__inline__1: ['repeat_array 1343-1736', 'other 901-1250', 'other 2101-2550', 'other 2801-3000']
region_002__inline__2: ['repeat_array 1343-1769', 'gene 35-703', 'gene 2076-2747', 'other 2530-None', 'other 1401-1600', 'other 1001-1200', 'other 2801-3000', 'other 2201-2600', 'repeat_array 750-None', 'other 2200-None']
region_003__file__0: ['gene 130-798', 'gene 1390-2538', 'other 118-122', 'other 1379-1383']
region_003__file__1: ['other 2601-2700', 'gene 2578-3000', 'gene 1330-2538', 'other 2329-2469', 'gene 130-798', 'other 807-827']
region_003__file__2: ['gene 130-798', 'gene 1390-2538', 'other 100-132', 'other 1378-1391', 'other 806-830', 'other None-None', 'other 1-129', 'other 2539-3000']
region_003__inline__0: ['gene 130-798', 'gene 1390-2538', 'gene 2385-2831', 'other 1-150', 'other 2501-3000', 'other 55-61', 'other 228-233', 'other 1299-1304', 'other 2982-2987', 'other 807-826', 'other 855-866', 'other 2557-2568', 'other 1258-1269', 'other 1691-1702', 'other 423-433', 'other 2511-2521', 'other 1288-1298', 'other 2581-2591', 'other 1725-1735', 'other 1870-1880', 'other 77-86', 'other 822-831', 'other 957-966', 'other 2009-2018', 'other 2345-2354', 'other 2402-2411', 'other 354-None', 'other 830-None', 'other 2902-None', 'other 116-None', 'other 1259-None', 'other 1692-None']
region_003__inline__2: ['gene 1327-2535']
region_004__file__0: ['gene 158-2854', 'other 144-148', 'other 158-160', 'other 2852-2854', 'other 2633-2743']
region_004__file__1: ['gene 158-2854', 'gene 1735-2253', 'other 145-150', 'other 700-2850', 'other None-None']
region_004__file__2: ['gene 158-2851']
region_004__inline__0: ['gene 158-2854', 'other 145-149', 'other None-None']
region_004__inline__1: ['gene 116-2854', 'gene 158-2854', 'other 0-115', 'other 2855-3000', 'other None-None', 'other None-None', 'other None-None', 'other None-None']
region_004__inline__2: ['gene 158-2851']
region_005__file__0: ['other 559-1785', 'gene 559-1348', 'gene 1422-1785', 'other 1351-1421', 'other 1787-1840']
region_005__file__1: ['gene 18-1518', 'gene 2221-2937', 'other 1-540', 'other 1200-1600', 'other 1520-3000']
region_005__file__2: ['gene 1350-559', 'gene 1215-559', 'gene 1179-559', 'gene 2619-2221', 'other 1-560', 'other 1850-3000', 'other 201-300', 'other 600-1800', 'other 201-None', 'other 195-None']
region_005__inline__0: ['other 1-3000', 'gene 559-1350', 'gene 149-574', 'gene 2221-2619', 'gene 1117-1419', 'other 460-466', 'other 323-328', 'other 457-462', 'other 37-42', 'other 282-287', 'other 2704-2709', 'other 2801-2806', 'other 543-548', 'other 405-410']
region_005__inline__1: ['gene 561-1350', 'gene 1100-1358', 'gene 1424-1787', 'gene 2223-2619', 'gene 151-574', 'other 560-1720', 'other 1-3000']
region_005__inline__2: ['other 1-600', 'other 43-63', 'other 100-2500', 'other 535-551', 'other 600-1800', 'other 1298-1319', 'other 1418-None', 'other 1418-None', 'other 1434-None', 'other 1801-1818', 'other 1801-None', 'other 1813-None', 'other 1827-1846', 'other 1941-1955', 'other 1967-1984', 'other 2051-2068', 'other 2401-3000', 'other 2481-None', 'other 2870-2886']
region_006__file__1: ['gene 1484-2475', 'gene 48-295', 'other 301-None']
region_006__file__2: ['other 1371-1510', 'other 1463-1468']
region_006__inline__0: []
region_007__inline__0: ['gene 1085-2626', 'gene 145-864']
region_007__inline__1: ['gene 1085-2626', 'other 1072-1076']
judged 34, skipped 2 (already judged or no report); 0 reports still without a usable judgement
