region_001__file__0: ['gene 665-1951', 'gene 2068-2724', 'gene 1-606', 'other None-None', 'other None-None']
region_001__file__1: ['gene 668-1951', 'gene 1-606', 'gene 2071-2724', 'gene 2786-2989', 'other 618-650', 'other 1787-1798', 'other 1328-1345', 'other 1226-1237', 'other 674-685', 'other None-None']
region_001__file__2: ['gene 665-1951', 'gene 2068-2724', 'gene 1996-2517', 'gene 1292-1774', 'gene 2689-2922', 'gene 139-369', 'gene 430-660', 'gene 2205-2429', 'gene 2388-2549', 'other None-None']
region_001__inline__0: ['gene 665-1951', 'gene 2068-2724', 'gene 1-606', 'gene 1996-2517', 'gene 1292-1774', 'gene 2689-2922', 'gene 139-369', 'gene 430-660', 'gene 2205-2429', 'other None-None', 'other None-None', 'other None-None']
region_001__inline__1: ['gene 668-1951', 'gene 2071-2724', 'gene 1996-2514', 'gene 1292-1771']
region_002__file__0: ['gene 35-703', 'other 704-1341', 'repeat_array 750-870', 'repeat_array 1342-1768', 'other 1769-2075', 'gene 2076-2747']
region_002__file__1: ['gene 35-703', 'gene 2076-2747', 'repeat_array 1343-1769', 'repeat_array None-None']
region_002__file__2: ['gene 35-703', 'repeat_array 1343-1769', 'repeat_array 751-872']
region_002__inline__0: ['repeat_array 1343-1737', 'repeat_array 750-839', 'gene 2-700', 'gene 2079-2777', 'gene 2304-2663', 'gene 2068-2313']
region_002__inline__1: ['repeat_array 1343-1736', 'other 751-776', 'other 811-838', 'other 860-876', 'gene 35-703', 'gene 2076-2747', 'gene 2068-2316', 'gene 2379-2666', 'gene 82-243', 'gene 119-346', 'gene 605-838', 'other 1030-1343', 'other 1141-None']
region_002__inline__2: ['gene 35-703', 'repeat_array 1343-1769', 'gene 2076-2747']
region_003__file__0: ['gene 130-798', 'other 130-192', 'other 184-195', 'other 193-795', 'gene 1390-2538', 'other 2329-2535', 'other 120-125', 'other 106-111', 'other 1378-1382', 'other 827-831', 'other None-None']
region_003__file__1: ['gene 130-798', 'gene 1390-2538', 'gene 2385-2831', 'other None-None', 'other 117-122', 'other 1379-1384', 'other 181-192', 'other None-None']
region_003__file__2: ['gene 130-798', 'gene 1390-2538', 'other 106-111', 'other 118-121', 'other 1379-1383', 'other None-None', 'other None-None']
region_003__inline__0: ['gene 130-798', 'other 106-111', 'other 119-122', 'other None-None', 'other 799-1389', 'other 1379-1382', 'gene 1390-2538', 'other 2325-2468']
region_003__inline__1: ['gene 130-798', 'gene 1390-2538', 'gene 2385-2831', 'gene 2578-3000', 'gene 565-855', 'gene 1035-1322', 'gene 286-540', 'other 2385-2538', 'other None-None']
region_003__inline__2: ['gene 130-795', 'gene 1390-2535', 'gene 2385-2828', 'other None-None']
region_004__file__0: ['gene 158-2854', 'other 145-149', 'other 113-115', 'other 794-805', 'other 1274-1294', 'other 1862-1870', 'other 2075-2104', 'other 464-580', 'other 1007-1090', 'other 2270-2356', 'other 2450-2536', 'other 2633-2743']
region_004__file__1: ['gene 158-2854', 'other 794-806', 'other 1274-1288', 'other 2075-2096']
region_004__file__2: ['other 146-150', 'gene 158-2851', 'other 794-805', 'other 1274-1294', 'other 2075-2093']
region_004__inline__0: ['gene 158-2855', 'other 145-149', 'other 794-805', 'other 1274-1294', 'other 2075-2098', 'other 425-1205', 'other 1205-2120', 'other 2120-2825']
region_004__inline__1: ['gene 158-2854', 'other 145-149', 'other 1-157', 'other 2855-3000', 'other None-None', 'other None-None', 'other None-None', 'other None-None', 'other None-None', 'other None-None', 'other None-None', 'other None-None', 'other None-None', 'other None-None']
region_004__inline__2: ['gene 158-2851', 'other 2914-2943']
region_005__file__0: ['other 1-3000', 'gene 559-1464']
region_005__file__1: ['gene 559-1464', 'other 1-228', 'other 229-598', 'other 599-1772', 'other 1773-1984', 'other 1985-2387', 'other 2388-2735', 'other 2736-3000']
region_005__file__2: ['gene 559-1464', 'gene 2221-2988', 'gene 868-1419', 'other 1-600', 'other 601-1800', 'other 1801-2400', 'other 2401-2550', 'other 2551-3000', 'other 1700-2450', 'other 1200-1350']
region_005__inline__0: ['other 1-300', 'gene 559-1350']
region_005__inline__1: ['gene 559-1350', 'gene 148-574', 'gene 2220-2619', 'gene 1421-1787', 'gene 1116-1419', 'other 1-200', 'other 600-1800']
region_005__inline__2: ['other 1-300', 'other 300-600', 'other 600-1800', 'other 1800-2350', 'other 2400-2500', 'other 99-104', 'other 195-202', 'other 460-466', 'gene 559-1350', 'gene 149-574', 'gene 2221-2619', 'gene 1422-1787', 'gene 1117-1419', 'gene 1098-1358', 'gene 2386-2607', 'gene 1-207', 'gene 2042-2242', 'gene 1558-1722', 'gene 938-1087', 'other 1418-1423', 'other 2481-2486']
region_006__file__0: ['gene 1487-2998', 'gene 298-1371', 'gene 301-1329', 'other 301-1329', 'other None-None', 'other None-None']
region_006__file__1: ['gene 1487-2998', 'other 1-1329', 'other None-None']
region_006__file__2: ['gene 1484-2935', 'gene 295-1176', 'other 1177-1483', 'other 1401-1500', 'other 1465-1471']
region_006__inline__0: ['gene 1483-2935', 'gene 294-1176', 'other 1176-1483']
region_006__inline__1: ['gene 1484-2935', 'gene 295-1176', 'gene 2-157', 'gene 1478-1804', 'gene 1997-2158', 'gene 2283-2594', 'gene 1-285', 'gene 1372-1626', 'gene 2623-2790', 'gene 855-1025', 'other 1360-2479', 'other 2653-2985']
region_006__inline__2: ['gene 1484-2935', 'gene 298-1371', 'gene 301-1329', 'gene 2136-2591', 'gene 1436-1801', 'gene 1478-1804', 'gene 1010-1312', 'gene 1375-1659', 'gene 2-157', 'gene 154-300', 'gene 2626-2820', 'gene 1801-1932', 'other 301-1329']
region_007__file__0: ['gene 1085-2623', 'gene 148-864']
region_007__file__1: ['gene 1085-2626', 'other 1055-1080', 'other 2636-2657', 'other 104-125', 'gene 214-627', 'gene 677-880', 'gene 2137-2856']
region_007__file__2: ['gene 1085-2626', 'gene 214-626', 'gene 677-879', 'gene 1111-1343', 'gene 2723-2910', 'gene 146-865', 'gene 1848-2033', 'gene 2283-2645']
region_007__inline__0: ['gene 1085-2626', 'gene 145-864', 'other 865-1084']
region_007__inline__1: ['gene 1085-2626', 'gene 145-888', 'gene 193-627', 'gene 2766-3000', 'other 988-993']
region_007__inline__2: ['gene 1031-2623', 'gene 193-624', 'gene 148-888', 'gene 2285-2644', 'gene 2766-2999']
region_008__file__0: ['gene 3-482', 'gene 612-1280', 'gene 1190-1999', 'gene 1520-2002', 'gene 2092-3000']
region_008__file__1: ['gene 3-482', 'other 519-539', 'gene 624-1280', 'other 536-560', 'gene 1279-1999', 'other 1281-1281', 'other 1916-1939', 'other 2014-2038', 'other 2092-3000', 'other 2155-2178', 'other 2210-2260', 'gene 2263-3000', 'other 2371-2400', 'other 2392-2399']
region_008__file__2: ['gene 3-482', 'gene 624-1280', 'gene 1280-1999', 'gene 2263-3003', 'other 1281-1282', 'other 613-617', 'other 1265-1269', 'other 2254-2258']
region_008__inline__0: None
region_008__inline__2: ['gene 81-485', 'gene 624-1283', 'gene 1190-2002', 'gene 2019-2201', 'gene 2263-3000', 'gene 75-575', 'gene 1214-1552', 'gene 1586-1798', 'gene 2356-2682', 'other 2155-2177', 'other 1379-1403', 'other 1594-1608', 'other 1712-1726', 'other 613-616', 'other 2253-2257']
region_009__file__0: ['gene 271-1158', 'gene 1220-1633', 'gene 1650-2027', 'gene 2076-2676', 'gene 2526-2963', 'other 1200-2030', 'other 2403-2999']
region_009__file__1: ['other 1-1100', 'other 1100-2000', 'other 1251-1350', 'other 2000-3000', 'gene 271-1158', 'gene 1169-1633', 'gene 1605-2027', 'gene 2200-2523', 'gene 2403-2963', 'gene 996-1305', 'gene 2075-2999', 'gene 2650-2950', 'other 2001-3000', 'repeat_array 2785-2796', 'other 1163-1850', 'other 2037-2061', 'other 2595-2618', 'other 1512-1529', 'other 1736-1758', 'other 839-865', 'other 1358-1363', 'other 1566-1572', 'other 2069-2074']
region_009__file__2: ['other 1001-2000', 'gene 271-1161', 'gene 1220-1636', 'gene 1650-2030', 'gene 2073-2675', 'gene 2526-2966', 'gene 2648-2950']
region_009__inline__0: ['other 1200-2100', 'gene 270-1158', 'gene 1195-1633', 'gene 1607-2027', 'gene 2075-2750', 'gene 2525-2963', 'gene 2253-2523', 'gene 2650-2950', 'other 2036-2060']
region_009__inline__1: ['other 1200-2030', 'other 1301-1400', 'other None-None', 'gene 20-214', 'gene 271-1161', 'gene 994-1221', 'gene 1220-1636', 'gene 1650-2030', 'gene 2073-2675', 'gene 2257-2526', 'gene 2526-2966', 'gene 2648-2950', 'gene 2744-3000']
region_009__inline__2: ['other 1-1150', 'other 1150-2050', 'other 2050-3000', 'gene 270-1161', 'gene 1219-1636', 'gene 1649-2027', 'other 2036-2074', 'gene 2072-2999']
region_010__file__0: ['repeat_array 331-1152', 'gene 1178-2213']
region_010__file__1: ['repeat_array 331-1093', 'gene 1176-2213', 'other 210-215', 'other 296-301', 'other 849-854', 'other 2239-2245']
region_010__inline__0: ['repeat_array 331-1093', 'other 200-330', 'gene 1179-2213', 'gene 2465-3000']
judged 55, skipped 2 (already judged or no report); 1 reports still without a usable judgement
