===== omen-alpha
5 runs to do in runs_pilot_sandbox/omen-alpha (3 already saved)
region_010 inline #0: end_turn, 16 tool calls
region_010 file #0: end_turn, 21 tool calls
region_011 inline #0: end_turn, 8 tool calls
region_011 file #0: end_turn, 14 tool calls
region_006 file #0: max_tokens, 29 tool calls, hit turn limit, rescued (empty_after_max_tokens), NO REPORT
done: 5 saved, 0 failed; 1204002 input / 151896 output tokens
judged 7, skipped 1 (already judged or no report); 0 reports still without a usable judgement
| condition | target found (positives) | target located (positives) | special-feature claim (controls) | forced reports | not scored |
|---|---|---|---|---|---|
| file | 1/2 (50%, CI 9-91%) | 1/2 (50%, CI 9-91%) | 1/1 (100%, CI 21-100%) | 1/4 | 1 empty report |
| inline | 1/3 (33%, CI 6-79%) | 1/3 (33%, CI 6-79%) | 0/1 (0%, CI 0-79%) | 0/4 | 0 |

On annotation-selected controls, a special-feature claim means a claimed repeat array, mobile element or frameshift; it is not proof that the claim is false. 'Found' matches feature type; 'located' additionally requires any coordinate overlap with the target.
Intervals describe scored runs, not independent loci; repeated runs on the same window are correlated.

Positives by region (located / found / runs):
| region | target | file | inline |
|---|---|---|---|
| region_006 | programmed ribosomal frameshift: prfB | 0 / 0 / 0 (+1 not scored) | 0 / 0 / 1 |
| region_010 | CRISPR repeat-spacer array: array at 2877884 | 1 / 1 / 1 | 1 / 1 / 1 |
| region_011 | insertion sequence: IS5R | 0 / 0 / 1 | 0 / 0 / 1 |

Effort per run (median):
| condition | tool calls | longest nt run from tools | input tokens | seconds |
|---|---|---|---|---|
| file | 20.0 | 1960.0 | 266,678 | 494.7 |
| inline | 13.0 | 1171.5 | 124,080 | 356.15 |

How the array was found (8 of 8 runs have transcripts; keyword-based, see transcripts.py):
| condition | ran a repeat-search script (all runs) | wrote part of the unit (repeat-array targets) | of those, before any repeat-search script | median fraction of target shown by tools |
|---|---|---|---|---|
| file | 4/4 (100%, CI 51-100%) | 1/1 (100%, CI 21-100%) | 1/1 (100%, CI 21-100%) | 1.0 |
| inline | 3/4 (75%, CI 30-95%) | 1/1 (100%, CI 21-100%) | 1/1 (100%, CI 21-100%) | 1.0 |

Controls where the report presented some other feature as notable: 2/2 (100%, CI 34-100%)

Reports that named an organism, gene or locus: 2/7 (29%, CI 8-64%)
  most frequent: Homo sapiens (1), 12S mitochondrial ribosomal RNA (1), Mus musculus (1), Oryza sativa (1), transposase (1), excisionase (1), IS-family proteins (1), type I-like CRISPR locus (1)
  supplied filenames and generic ORF labels excluded; a name is not proof of correct identification or memorisation

File condition, positives, split by whether a tool result showed >= 200 contiguous nt:
  looked:       found 1/2 (50%, CI 9-91%)
  did not look: found n/a

per-run rows written to runs_pilot_sandbox/omen-alpha/results.csv
