===== longcat-2.5-preview-free
region_004 file #0: end_turn, 5 tool calls
region_006 inline #0: end_turn, 13 tool calls
region_006 file #0: end_turn, 17 tool calls
region_010 inline #0: end_turn, 13 tool calls
region_004 inline #0: RateLimitError: Error code: 429 - {'error': {'type': 'server_error', 'message': 'Upstream request failed: Endpoint is unavailable.'}}; rerun to resume
region_010 file #0: end_turn, 15 tool calls
region_011 file #0: end_turn, 22 tool calls
region_011 inline #0: RateLimitError: Error code: 429 - {'error': {'type': 'server_error', 'message': 'Upstream request failed: Endpoint is unavailable.'}}; rerun to resume
done: 6 saved, 2 failed; 2568425 input / 431071 output tokens
judged 6, skipped 0 (already judged or no report); 0 reports still without a usable judgement
| condition | target found (positives) | target located (positives) | special-feature claim (controls) | forced reports | not scored |
|---|---|---|---|---|---|
| file | 1/3 (33%, CI 6-79%) | 1/3 (33%, CI 6-79%) | 0/1 (0%, CI 0-79%) | 0/4 | 0 |
| inline | 1/2 (50%, CI 9-91%) | 1/2 (50%, CI 9-91%) | n/a | 0/2 | 0 |

On annotation-selected controls, a special-feature claim means a claimed repeat array, mobile element or frameshift; it is not proof that the claim is false. 'Found' matches feature type; 'located' additionally requires any coordinate overlap with the target.
Intervals describe scored runs, not independent loci; repeated runs on the same window are correlated.

Positives by region (located / found / runs):
| region | target | file | inline |
|---|---|---|---|
| region_006 | programmed ribosomal frameshift: prfB | 0 / 0 / 1 | 0 / 0 / 1 |
| region_010 | CRISPR repeat-spacer array: array at 2877884 | 1 / 1 / 1 | 1 / 1 / 1 |
| region_011 | insertion sequence: IS5R | 0 / 0 / 1 | 0 / 0 / 0 |

Effort per run (median):
| condition | tool calls | longest nt run from tools | input tokens | seconds |
|---|---|---|---|---|
| file | 16.0 | 1960.0 | 249,100 | 768.75 |
| inline | 13.0 | 1960.0 | 700,818 | 2470.3 |

How the array was found (6 of 6 runs have transcripts; keyword-based, see transcripts.py):
| condition | ran a repeat-search script (all runs) | wrote part of the unit (repeat-array targets) | of those, before any repeat-search script | median fraction of target shown by tools |
|---|---|---|---|---|
| file | 4/4 (100%, CI 51-100%) | 1/1 (100%, CI 21-100%) | 1/1 (100%, CI 21-100%) | 1.0 |
| inline | 2/2 (100%, CI 34-100%) | 1/1 (100%, CI 21-100%) | 1/1 (100%, CI 21-100%) | 1.0 |

Controls where the report presented some other feature as notable: 0/1 (0%, CI 0-79%)

Reports that named an organism, gene or locus: 4/6 (67%, CI 30-90%)
  most frequent: E. coli (2), CRISPR (1), Thermus thermophilus (1), CRISPR1 (1), enterobacterial host (1)
  supplied filenames and generic ORF labels excluded; a name is not proof of correct identification or memorisation

File condition, positives, split by whether a tool result showed >= 200 contiguous nt:
  looked:       found 1/3 (33%, CI 6-79%)
  did not look: found n/a

per-run rows written to runs_pilot_longcat/longcat-2.5-preview-free/results.csv
