===== space-bunny-free
region_004 inline #0: end_turn, 18 tool calls
region_004 file #0: end_turn, 19 tool calls
region_010 inline #0: end_turn, 26 tool calls
region_006 inline #0: end_turn, 27 tool calls
region_006 file #0: end_turn, 29 tool calls
region_010 file #0: end_turn, 23 tool calls
region_011 inline #0: end_turn, 27 tool calls
region_011 file #0: end_turn, 21 tool calls
done: 8 saved, 0 failed; 3515823 input / 253201 output tokens
judged 8, skipped 0 (already judged or no report); 0 reports still without a usable judgement
| condition | target found (positives) | target located (positives) | special-feature claim (controls) | forced reports | not scored |
|---|---|---|---|---|---|
| file | 1/3 (33%, CI 6-79%) | 1/3 (33%, CI 6-79%) | 0/1 (0%, CI 0-79%) | 0/4 | 0 |
| inline | 1/3 (33%, CI 6-79%) | 1/3 (33%, CI 6-79%) | 0/1 (0%, CI 0-79%) | 0/4 | 0 |

On annotation-selected controls, a special-feature claim means a claimed repeat array, mobile element or frameshift; it is not proof that the claim is false. 'Found' matches feature type; 'located' additionally requires any coordinate overlap with the target.
Intervals describe scored runs, not independent loci; repeated runs on the same window are correlated.

Positives by region (located / found / runs):
| region | target | file | inline |
|---|---|---|---|
| region_006 | programmed ribosomal frameshift: prfB | 0 / 0 / 1 | 0 / 0 / 1 |
| region_010 | CRISPR repeat-spacer array: array at 2877884 | 1 / 1 / 1 | 1 / 1 / 1 |
| region_011 | insertion sequence: IS5R | 0 / 0 / 1 | 0 / 0 / 1 |

Effort per run (median):
| condition | tool calls | longest nt run from tools | input tokens | seconds |
|---|---|---|---|---|
| file | 22.0 | 1960.0 | 382,717 | 609.3 |
| inline | 26.5 | 637.0 | 453,647 | 349.35 |

How the array was found (8 of 8 runs have transcripts; keyword-based, see transcripts.py):
| condition | ran a repeat-search script (all runs) | wrote part of the unit (repeat-array targets) | of those, before any repeat-search script | median fraction of target shown by tools |
|---|---|---|---|---|
| file | 4/4 (100%, CI 51-100%) | 1/1 (100%, CI 21-100%) | 1/1 (100%, CI 21-100%) | 1.0 |
| inline | 4/4 (100%, CI 51-100%) | 1/1 (100%, CI 21-100%) | 1/1 (100%, CI 21-100%) | 1.0 |

Controls where the report presented some other feature as notable: 2/2 (100%, CI 34-100%)

Reports that named an organism, gene or locus: 1/8 (12%, CI 2-47%)
  most frequent: CRISPR (1), type I-E (1), E. coli (1)
  supplied filenames and generic ORF labels excluded; a name is not proof of correct identification or memorisation

File condition, positives, split by whether a tool result showed >= 200 contiguous nt:
  looked:       found 1/3 (33%, CI 6-79%)
  did not look: found n/a

per-run rows written to runs_pilot_bunny/space-bunny-free/results.csv
./pilot_ecoli.sh: line 55: unexpected EOF while looking for matching `"'
