72 runs to do in runs_ecoli/glm-5.3-flash (0 already saved)
region_001 file #0: end_turn, 10 tool calls
region_001 file #2: end_turn, 20 tool calls
region_001 file #1: end_turn, 9 tool calls
region_001 inline #0: end_turn, 15 tool calls
region_002 inline #0: end_turn, 6 tool calls
region_001 inline #1: end_turn, 19 tool calls
region_002 file #0: end_turn, 10 tool calls
region_002 inline #1: end_turn, 20 tool calls
region_002 file #1: end_turn, 20 tool calls
region_003 inline #1: end_turn, 19 tool calls
region_003 inline #0: end_turn, 20 tool calls
region_003 inline #2: end_turn, 12 tool calls
region_002 inline #2: end_turn, 27 tool calls
region_002 file #2: end_turn, 20 tool calls
region_001 inline #2: end_turn, 15 tool calls
region_004 inline #2: end_turn, 20 tool calls
region_003 file #1: end_turn, 14 tool calls
region_003 file #0: end_turn, 13 tool calls
region_004 inline #0: end_turn, 24 tool calls
region_004 inline #1: end_turn, 18 tool calls
region_004 file #2: end_turn, 20 tool calls
region_004 file #1: end_turn, 22 tool calls
region_004 file #0: end_turn, 19 tool calls
region_003 file #2: end_turn, 19 tool calls
region_005 file #1: end_turn, 12 tool calls
region_005 inline #1: end_turn, 20 tool calls
region_005 file #2: end_turn, 20 tool calls
region_006 inline #0: end_turn, 20 tool calls
region_005 inline #2: end_turn, 21 tool calls
region_006 file #1: end_turn, 20 tool calls
region_005 inline #0: end_turn, 21 tool calls
region_006 file #2: end_turn, 14 tool calls
region_005 file #0: end_turn, 17 tool calls
region_007 inline #1: end_turn, 4 tool calls
region_007 inline #0: end_turn, 11 tool calls
region_006 file #0: max_tokens, 22 tool calls
region_006 inline #2: end_turn, 19 tool calls
region_006 inline #1: max_tokens, 21 tool calls
region_007 file #1: end_turn, 19 tool calls
region_007 inline #2: end_turn, 19 tool calls
region_007 file #2: end_turn, 16 tool calls
region_008 inline #1: max_tokens, 20 tool calls
region_008 file #2: end_turn, 30 tool calls
region_008 file #0: end_turn, 19 tool calls
region_008 inline #0: end_turn, 20 tool calls
region_009 inline #1: end_turn, 21 tool calls
region_009 inline #2: end_turn, 20 tool calls
region_007 file #0: end_turn, 20 tool calls
region_008 inline #2: max_tokens, 0 tool calls
region_009 file #1: max_tokens, 10 tool calls
region_009 file #0: max_tokens, 20 tool calls
region_010 inline #0: max_tokens, 8 tool calls
region_008 file #1: end_turn, 20 tool calls
region_009 inline #0: end_turn, 19 tool calls
region_010 inline #1: end_turn, 16 tool calls
region_010 inline #2: end_turn, 20 tool calls
region_010 file #0: end_turn, 20 tool calls
region_011 inline #0: end_turn, 20 tool calls
region_010 file #2: end_turn, 20 tool calls
region_011 inline #2: end_turn, 13 tool calls
region_011 file #0: end_turn, 20 tool calls
region_011 inline #1: end_turn, 24 tool calls
region_011 file #1: end_turn, 13 tool calls
region_011 file #2: end_turn, 20 tool calls
region_009 file #2: max_tokens, 20 tool calls
region_012 file #0: end_turn, 20 tool calls
region_010 file #1: end_turn, 32 tool calls
region_012 inline #1: end_turn, 20 tool calls
region_012 file #2: max_tokens, 20 tool calls
region_012 inline #2: end_turn, 12 tool calls
region_012 file #1: end_turn, 20 tool calls
region_012 inline #0: end_turn, 20 tool calls
done: 72 saved, 0 failed; 13698218 input / 1514924 output tokens
